###############################################################################
#
# IAR ELF Linker V8.11.2.13589/W32 for ARM                16/Nov/2024  20:19:57
# Copyright 2007-2017 IAR Systems AB.
#
#    Output file  =  
#        C:\Users\Pz\Desktop\4_Portfolio project\27_Battery capacity
#        meter\4.09.2024_and nokia display\Debug\Exe\4.09.2024.out
#    Map file     =  
#        C:\Users\Pz\Desktop\4_Portfolio project\27_Battery capacity
#        meter\4.09.2024_and nokia display\Debug\List\4.09.2024.map
#    Command line =  
#        -f C:\Users\Pz\AppData\Local\Temp\EWFD1F.tmp
#        ("C:\Users\Pz\Desktop\4_Portfolio project\27_Battery capacity
#        meter\4.09.2024_and nokia display\Debug\Obj\main.o"
#        "C:\Users\Pz\Desktop\4_Portfolio project\27_Battery capacity
#        meter\4.09.2024_and nokia
#        display\Debug\Obj\nokia_1202_ste2007_display_driver.o"
#        "C:\Users\Pz\Desktop\4_Portfolio project\27_Battery capacity
#        meter\4.09.2024_and nokia display\Debug\Obj\startup_stm32f103xb.o"
#        "C:\Users\Pz\Desktop\4_Portfolio project\27_Battery capacity
#        meter\4.09.2024_and nokia display\Debug\Obj\system_stm32f1xx.o" -o
#        "C:\Users\Pz\Desktop\4_Portfolio project\27_Battery capacity
#        meter\4.09.2024_and nokia display\Debug\Exe\4.09.2024.out" --redirect
#        _Printf=_PrintfFullNoMb --redirect _Scanf=_ScanfFullNoMb --map
#        "C:\Users\Pz\Desktop\4_Portfolio project\27_Battery capacity
#        meter\4.09.2024_and nokia display\Debug\List\4.09.2024.map" --config
#        "C:\Program Files (x86)\IAR Systems\Embedded Workbench
#        8.0\arm\config\linker\ST\stm32f103x8.icf" --semihosting --entry
#        __iar_program_start --vfe --text_out locale)
#
###############################################################################

*******************************************************************************
*** RUNTIME MODEL ATTRIBUTES
***

CppFlavor       = *
__SystemLibrary = DLib
__dlib_version  = 6


*******************************************************************************
*** HEAP SELECTION
***

The basic heap was selected because no calls to memory allocation
functions were found in the application outside of system library
functions, and there are calls to deallocation functions in the
application.


*******************************************************************************
*** PLACEMENT SUMMARY
***

"A0":  place at 0x08000000 { ro section .intvec };
"P1":  place in [from 0x08000000 to 0x0800ffff] { ro };
define block CSTACK with size = 2K, alignment = 8 { };
define block HEAP with size = 2K, alignment = 8 { };
"P2":  place in [from 0x20000000 to 0x20004fff] {
          rw, block CSTACK, block HEAP };

  Section          Kind        Address    Size  Object
  -------          ----        -------    ----  ------
"A0":                                     0xec
  .intvec          ro code  0x08000000    0xec  startup_stm32f103xb.o [1]
                          - 0x080000ec    0xec

"P1":                                   0x1eb0
  .text            ro code  0x080000ec   0x73c  nokia_1202_ste2007_display_driver.o [1]
  .text            ro code  0x08000828    0x86  ABImemcpy.o [5]
  .text            ro code  0x080008b0    0xd8  FltMul.o [4]
  .text            ro code  0x08000988    0x2a  FltToS32.o [4]
  .text            ro code  0x080009b4   0x5dc  main.o [1]
  .text            ro code  0x08000f90    0x48  FltToDbl.o [4]
  .text            ro code  0x08000fd8    0x1a  U32ToDbl.o [4]
  .text            ro code  0x08000ff4   0x1a2  DblMul.o [4]
  .text            ro code  0x08001198   0x246  DblDiv.o [4]
  .text            ro code  0x080013e0   0x178  DblAdd.o [4]
  .text            ro code  0x08001558    0x68  DblToFlt.o [4]
  .text            ro code  0x080015c0    0x28  DblToU32.o [4]
  .text            ro code  0x080015e8    0xfc  FltDiv.o [4]
  .text            ro code  0x080016e4    0x24  FltCmpLe.o [4]
  .text            ro code  0x08001708    0xd2  DblSub.o [4]
  .rodata          const    0x080017dc   0x500  nokia_1202_ste2007_display_driver.o [1]
  .text            ro code  0x08001cdc    0x68  system_stm32f1xx.o [1]
  .text            ro code  0x08001d44    0x40  zero_init3.o [5]
  .text            ro code  0x08001d84    0x28  data_init.o [5]
  .iar.init_table  const    0x08001dac    0x10  - Linker created -
  .text            ro code  0x08001dbc    0x1a  cmain.o [5]
  .text            ro code  0x08001dd6     0x4  low_level_init.o [3]
  .text            ro code  0x08001dda     0x4  exit.o [3]
  .text            ro code  0x08001de0     0xa  cexit.o [5]
  .text            ro code  0x08001dec    0x14  exit.o [6]
  .rodata          const    0x08001e00    0x14  nokia_1202_ste2007_display_driver.o [1]
  .rodata          const    0x08001e14    0x14  nokia_1202_ste2007_display_driver.o [1]
  .rodata          const    0x08001e28    0x10  nokia_1202_ste2007_display_driver.o [1]
  .text            ro code  0x08001e38    0x10  startup_stm32f103xb.o [1]
  .rodata          const    0x08001e48     0xc  nokia_1202_ste2007_display_driver.o [1]
  .rodata          const    0x08001e54     0xc  nokia_1202_ste2007_display_driver.o [1]
  .rodata          const    0x08001e60     0xc  nokia_1202_ste2007_display_driver.o [1]
  .rodata          const    0x08001e6c     0xc  nokia_1202_ste2007_display_driver.o [1]
  .rodata          const    0x08001e78     0xc  nokia_1202_ste2007_display_driver.o [1]
  .rodata          const    0x08001e84     0xc  nokia_1202_ste2007_display_driver.o [1]
  .rodata          const    0x08001e90     0xc  nokia_1202_ste2007_display_driver.o [1]
  .rodata          const    0x08001e9c     0xc  nokia_1202_ste2007_display_driver.o [1]
  .rodata          const    0x08001ea8     0xc  nokia_1202_ste2007_display_driver.o [1]
  .rodata          const    0x08001eb4     0xc  nokia_1202_ste2007_display_driver.o [1]
  .text            ro code  0x08001ec0     0xc  cstartup_M.o [5]
  .rodata          const    0x08001ecc     0x8  nokia_1202_ste2007_display_driver.o [1]
  .text            ro code  0x08001ed4     0x4  startup_stm32f103xb.o [1]
  .text            ro code  0x08001ed8     0x4  startup_stm32f103xb.o [1]
  .text            ro code  0x08001edc     0x4  startup_stm32f103xb.o [1]
  .text            ro code  0x08001ee0     0x4  startup_stm32f103xb.o [1]
  .text            ro code  0x08001ee4     0x4  startup_stm32f103xb.o [1]
  .text            ro code  0x08001ee8     0x4  startup_stm32f103xb.o [1]
  .text            ro code  0x08001eec     0x4  startup_stm32f103xb.o [1]
  .text            ro code  0x08001ef0     0x4  startup_stm32f103xb.o [1]
  .text            ro code  0x08001ef4     0x4  startup_stm32f103xb.o [1]
  .text            ro code  0x08001ef8     0x4  startup_stm32f103xb.o [1]
  .text            ro code  0x08001efc     0x4  startup_stm32f103xb.o [1]
  .text            ro code  0x08001f00     0x4  startup_stm32f103xb.o [1]
  .text            ro code  0x08001f04     0x4  startup_stm32f103xb.o [1]
  .text            ro code  0x08001f08     0x4  startup_stm32f103xb.o [1]
  .text            ro code  0x08001f0c     0x4  startup_stm32f103xb.o [1]
  .text            ro code  0x08001f10     0x4  startup_stm32f103xb.o [1]
  .text            ro code  0x08001f14     0x4  startup_stm32f103xb.o [1]
  .text            ro code  0x08001f18     0x4  startup_stm32f103xb.o [1]
  .text            ro code  0x08001f1c     0x4  startup_stm32f103xb.o [1]
  .text            ro code  0x08001f20     0x4  startup_stm32f103xb.o [1]
  .text            ro code  0x08001f24     0x4  startup_stm32f103xb.o [1]
  .text            ro code  0x08001f28     0x4  startup_stm32f103xb.o [1]
  .text            ro code  0x08001f2c     0x4  startup_stm32f103xb.o [1]
  .text            ro code  0x08001f30     0x4  startup_stm32f103xb.o [1]
  .text            ro code  0x08001f34     0x4  startup_stm32f103xb.o [1]
  .text            ro code  0x08001f38     0x4  startup_stm32f103xb.o [1]
  .text            ro code  0x08001f3c     0x4  startup_stm32f103xb.o [1]
  .text            ro code  0x08001f40     0x4  startup_stm32f103xb.o [1]
  .text            ro code  0x08001f44     0x4  startup_stm32f103xb.o [1]
  .text            ro code  0x08001f48     0x4  startup_stm32f103xb.o [1]
  .text            ro code  0x08001f4c     0x4  startup_stm32f103xb.o [1]
  .text            ro code  0x08001f50     0x4  startup_stm32f103xb.o [1]
  .text            ro code  0x08001f54     0x4  startup_stm32f103xb.o [1]
  .text            ro code  0x08001f58     0x4  startup_stm32f103xb.o [1]
  .text            ro code  0x08001f5c     0x4  startup_stm32f103xb.o [1]
  .text            ro code  0x08001f60     0x4  startup_stm32f103xb.o [1]
  .text            ro code  0x08001f64     0x4  startup_stm32f103xb.o [1]
  .text            ro code  0x08001f68     0x4  startup_stm32f103xb.o [1]
  .text            ro code  0x08001f6c     0x4  startup_stm32f103xb.o [1]
  .text            ro code  0x08001f70     0x4  startup_stm32f103xb.o [1]
  .text            ro code  0x08001f74     0x4  startup_stm32f103xb.o [1]
  .text            ro code  0x08001f78     0x4  startup_stm32f103xb.o [1]
  .text            ro code  0x08001f7c     0x4  startup_stm32f103xb.o [1]
  .text            ro code  0x08001f80     0x4  startup_stm32f103xb.o [1]
  .text            ro code  0x08001f84     0x4  startup_stm32f103xb.o [1]
  .text            ro code  0x08001f88     0x4  startup_stm32f103xb.o [1]
  .text            ro code  0x08001f8c     0x4  startup_stm32f103xb.o [1]
  .text            ro code  0x08001f90     0x4  startup_stm32f103xb.o [1]
  .text            ro code  0x08001f94     0x4  startup_stm32f103xb.o [1]
  .text            ro code  0x08001f98     0x4  startup_stm32f103xb.o [1]
  .rodata          const    0x08001f9c     0x0  zero_init3.o [5]
                          - 0x08001f9c  0x1eb0

"P2", part 1 of 2:                        0x24
  .bss             zero     0x20000000    0x10  main.o [1]
  .bss             zero     0x20000010     0x8  main.o [1]
  .bss             zero     0x20000018     0x4  main.o [1]
  .bss             zero     0x2000001c     0x4  main.o [1]
  .bss             zero     0x20000020     0x1  main.o [1]
  .bss             zero     0x20000021     0x1  main.o [1]
  .bss             zero     0x20000022     0x1  main.o [1]
                          - 0x20000023    0x23

"P2", part 2 of 2:                       0x800
  CSTACK                    0x20000028   0x800  <Block>
    CSTACK         uninit   0x20000028   0x800  <Block tail>
                          - 0x20000828   0x800


*******************************************************************************
*** INIT TABLE
***

          Address     Size
          -------     ----
Zero (__iar_zero_init3)
    1 destination range, total size 0x23:
          0x20000000  0x23



*******************************************************************************
*** MODULE SUMMARY
***

    Module                               ro code  ro data  rw data
    ------                               -------  -------  -------
C:\Users\Pz\Desktop\4_Portfolio project\27_Battery capacity meter\4.09.2024_and nokia display\Debug\Obj: [1]
    main.o                                 1 500                35
    nokia_1202_ste2007_display_driver.o    1 852    1 464
    startup_stm32f103xb.o                    452
    system_stm32f1xx.o                       104
    --------------------------------------------------------------
    Total:                                 3 908    1 464       35

command line: [2]
    --------------------------------------------------------------
    Total:

dl7M_tln.a: [3]
    exit.o                                     4
    low_level_init.o                           4
    --------------------------------------------------------------
    Total:                                     8

m7M_tl.a: [4]
    DblAdd.o                                 376
    DblDiv.o                                 582
    DblMul.o                                 418
    DblSub.o                                 210
    DblToFlt.o                               104
    DblToU32.o                                40
    FltCmpLe.o                                36
    FltDiv.o                                 252
    FltMul.o                                 216
    FltToDbl.o                                72
    FltToS32.o                                42
    U32ToDbl.o                                26
    --------------------------------------------------------------
    Total:                                 2 374

rt7M_tl.a: [5]
    ABImemcpy.o                              134
    cexit.o                                   10
    cmain.o                                   26
    cstartup_M.o                              12
    data_init.o                               40
    zero_init3.o                              64
    --------------------------------------------------------------
    Total:                                   286

shb_l.a: [6]
    exit.o                                    20
    --------------------------------------------------------------
    Total:                                    20

    Gaps                                      14        2
    Linker created                                     16    2 048
------------------------------------------------------------------
    Grand Total:                           6 610    1 482    2 083


*******************************************************************************
*** ENTRY LIST
***

Entry                      Address   Size  Type      Object
-----                      -------   ----  ----      ------
.iar.init_table$$Base   0x08001dac          --   Gb  - Linker created -
.iar.init_table$$Limit  0x08001dbc          --   Gb  - Linker created -
?main                   0x08001dbd         Code  Gb  cmain.o [5]
ADC1_2_IRQHandler       0x08000a1f   0x60  Code  Gb  main.o [1]
ADC2_Config             0x08000cfb   0x86  Code  Gb  main.o [1]
ADC2_Enable             0x08000d81   0x46  Code  Gb  main.o [1]
ADC2_Flag               0x20000020    0x1  Data  Gb  main.o [1]
ADC2_Start              0x08000dc7   0x26  Code  Gb  main.o [1]
ADC2_VAL                0x20000010    0x8  Data  Gb  main.o [1]
CSTACK$$Base            0x20000028          --   Gb  - Linker created -
CSTACK$$Limit           0x20000828          --   Gb  - Linker created -
GPIO_PA9_Config         0x08000ccd   0x2e  Code  Gb  main.o [1]
GPIO_PB3_PB7_Config     0x08000e4d   0xa6  Code  Gb  main.o [1]
Region$$Table$$Base     0x08001dac          --   Gb  - Linker created -
Region$$Table$$Limit    0x08001dbc          --   Gb  - Linker created -
SystemInit              0x08001cdd   0x4e  Code  Gb  system_stm32f1xx.o [1]
System_Clock_Config     0x08000c4d   0x80  Code  Gb  main.o [1]
TIM1_Config             0x08000ded   0x36  Code  Gb  main.o [1]
TIM1_Interrupt_Config   0x08000e23   0x2a  Code  Gb  main.o [1]
TIM1_UP_IRQHandler      0x080009fd   0x22  Code  Gb  main.o [1]
__NVIC_EnableIRQ        0x080009b5   0x1e  Code  Lc  main.o [1]
__NVIC_SetPriority      0x080009d3   0x2a  Code  Lc  main.o [1]
__aeabi_cfcmple         0x080016e5         Code  Gb  FltCmpLe.o [4]
__aeabi_d2f             0x08001559         Code  Gb  DblToFlt.o [4]
__aeabi_d2uiz           0x080015c1         Code  Gb  DblToU32.o [4]
__aeabi_dadd            0x080013e1         Code  Gb  DblAdd.o [4]
__aeabi_ddiv            0x08001199         Code  Gb  DblDiv.o [4]
__aeabi_dmul            0x08000ff5         Code  Gb  DblMul.o [4]
__aeabi_f2d             0x08000f91         Code  Gb  FltToDbl.o [4]
__aeabi_f2iz            0x08000989         Code  Gb  FltToS32.o [4]
__aeabi_fdiv            0x080015e9         Code  Gb  FltDiv.o [4]
__aeabi_fmul            0x080008b1         Code  Gb  FltMul.o [4]
__aeabi_memcpy4         0x08000829         Code  Gb  ABImemcpy.o [5]
__aeabi_memcpy8         0x08000829         Code  Gb  ABImemcpy.o [5]
__aeabi_ui2d            0x08000fd9         Code  Gb  U32ToDbl.o [4]
__cmain                 0x08001dbd         Code  Gb  cmain.o [5]
__exit                  0x08001ded   0x14  Code  Gb  exit.o [6]
__iar_dadd              0x08001709         Code  Gb  DblSub.o [4]
__iar_data_init3        0x08001d85   0x28  Code  Gb  data_init.o [5]
__iar_dsub              0x080013f1         Code  Gb  DblAdd.o [4]
__iar_dsubStart         0x08001403         Code  Gb  DblAdd.o [4]
__iar_program_start     0x08001ec1         Code  Gb  cstartup_M.o [5]
__iar_systems$$module {Abs}
                        0x00000001         Data  Gb  command line/config [2]
__iar_zero_init3        0x08001d45   0x40  Code  Gb  zero_init3.o [5]
__low_level_init        0x08001dd7    0x4  Code  Gb  low_level_init.o [3]
__vector_table          0x08000000         Data  Gb  startup_stm32f103xb.o [1]
_call_main              0x08001dc9         Code  Gb  cmain.o [5]
_exit                   0x08001de1         Code  Gb  cexit.o [5]
_main                   0x08001dd3         Code  Gb  cmain.o [5]
display_symbol          0x0800021d   0x68  Code  Gb  nokia_1202_ste2007_display_driver.o [1]
exit                    0x08001ddb    0x4  Code  Gb  exit.o [3]
initial_voltage_flag    0x20000022    0x1  Data  Gb  main.o [1]
main                    0x08000a7f  0x1ce  Code  Gb  main.o [1]
nlcd_Font               0x080017dc  0x500  Data  Gb  nokia_1202_ste2007_display_driver.o [1]
numbers_symbols         0x08001eb4    0xc  Data  Gb  nokia_1202_ste2007_display_driver.o [1]
page_and_column_address_set_AND_display_symbols_array
                        0x08000285   0x58  Code  Gb  nokia_1202_ste2007_display_driver.o [1]
ste2007_display_driver  0x080002dd  0x506  Code  Gb  nokia_1202_ste2007_display_driver.o [1]
sum_of_currents         0x2000001c    0x4  Data  Gb  main.o [1]
sum_of_voltages         0x20000018    0x4  Data  Gb  main.o [1]
the_current_has_already_been_recalculated_flag
                        0x20000021    0x1  Data  Gb  main.o [1]
transmit_command        0x080000ed   0x94  Code  Gb  nokia_1202_ste2007_display_driver.o [1]
transmit_data           0x08000181   0x94  Code  Gb  nokia_1202_ste2007_display_driver.o [1]
user_delay              0x08000215    0x8  Code  Gb  nokia_1202_ste2007_display_driver.o [1]
varaibles               0x20000000   0x10  Data  Gb  main.o [1]


[1] = C:\Users\Pz\Desktop\4_Portfolio project\27_Battery capacity meter\4.09.2024_and nokia display\Debug\Obj
[2] = command line
[3] = dl7M_tln.a
[4] = m7M_tl.a
[5] = rt7M_tl.a
[6] = shb_l.a

  6 610 bytes of readonly  code memory
  1 482 bytes of readonly  data memory
  2 083 bytes of readwrite data memory

Errors: none
Warnings: none
